127.0.0.1 - - [15/Sep/2020:09:55:58 +0900] "GET / HTTP/1.1" 200 11414
127.0.0.1 - - [15/Sep/2020:09:58:07 +0900] "GET / HTTP/1.1" 200 11414
0:0:0:0:0:0:0:1 - - [15/Sep/2020:09:58:07 +0900] "GET /JSPWorkshop08/productForm.html HTTP/1.1" 200 721
0:0:0:0:0:0:0:1 - - [15/Sep/2020:09:58:24 +0900] "POST /JSPWorkshop08/productReg HTTP/1.1" 200 297
0:0:0:0:0:0:0:1 - - [15/Sep/2020:09:58:43 +0900] "POST /JSPWorkshop08/productReg HTTP/1.1" 200 346
0:0:0:0:0:0:0:1 - - [15/Sep/2020:09:58:52 +0900] "POST /JSPWorkshop08/productReg HTTP/1.1" 200 346
127.0.0.1 - - [15/Sep/2020:10:20:34 +0900] "GET / HTTP/1.1" 200 11414
0:0:0:0:0:0:0:1 - - [15/Sep/2020:10:20:34 +0900] "GET /JSPWorkshop09/productForm.html HTTP/1.1" 200 721
0:0:0:0:0:0:0:1 - - [15/Sep/2020:10:20:43 +0900] "POST /JSPWorkshop09/productReg HTTP/1.1" 200 248
127.0.0.1 - - [15/Sep/2020:10:58:51 +0900] "GET / HTTP/1.1" 200 11414
0:0:0:0:0:0:0:1 - - [15/Sep/2020:10:58:51 +0900] "GET /JSPWorkshop09/productForm.html HTTP/1.1" 200 721
0:0:0:0:0:0:0:1 - - [15/Sep/2020:10:59:10 +0900] "POST /JSPWorkshop09/productReg HTTP/1.1" 200 297
0:0:0:0:0:0:0:1 - - [15/Sep/2020:10:59:21 +0900] "POST /JSPWorkshop09/productReg HTTP/1.1" 200 346
0:0:0:0:0:0:0:1 - - [15/Sep/2020:10:59:29 +0900] "POST /JSPWorkshop09/productReg HTTP/1.1" 200 346
127.0.0.1 - - [15/Sep/2020:11:49:32 +0900] "GET / HTTP/1.1" 200 11414
0:0:0:0:0:0:0:1 - - [15/Sep/2020:11:49:32 +0900] "GET /JSPWorkshop11/EmpListServlet HTTP/1.1" 200 -
0:0:0:0:0:0:0:1 - - [15/Sep/2020:11:51:40 +0900] "GET /JSPWorkshop11/EmpListServlet HTTP/1.1" 200 -
0:0:0:0:0:0:0:1 - - [15/Sep/2020:11:51:52 +0900] "GET /JSPWorkshop11/EmpListServlet HTTP/1.1" 200 -
0:0:0:0:0:0:0:1 - - [15/Sep/2020:11:51:52 +0900] "GET /favicon.ico HTTP/1.1" 200 21630
127.0.0.1 - - [15/Sep/2020:11:52:54 +0900] "GET / HTTP/1.1" 200 11414
0:0:0:0:0:0:0:1 - - [15/Sep/2020:11:52:54 +0900] "GET /JSPWorkshop11/EmpListServlet HTTP/1.1" 200 -
127.0.0.1 - - [15/Sep/2020:11:54:24 +0900] "GET / HTTP/1.1" 200 11414
0:0:0:0:0:0:0:1 - - [15/Sep/2020:11:54:24 +0900] "GET /JSPWorkshop11/EmpListServlet HTTP/1.1" 200 -
127.0.0.1 - - [15/Sep/2020:11:56:48 +0900] "GET / HTTP/1.1" 200 11414
0:0:0:0:0:0:0:1 - - [15/Sep/2020:11:56:49 +0900] "GET /JSPWorkshop11/EmpListServlet HTTP/1.1" 200 2075
127.0.0.1 - - [15/Sep/2020:11:57:52 +0900] "GET / HTTP/1.1" 200 11414
0:0:0:0:0:0:0:1 - - [15/Sep/2020:11:57:52 +0900] "GET /JSPWorkshop11/EmpListServlet HTTP/1.1" 200 2075
0:0:0:0:0:0:0:1 - - [15/Sep/2020:11:57:58 +0900] "GET /JSPWorkshop11/EmpListServlet HTTP/1.1" 200 2075
127.0.0.1 - - [15/Sep/2020:11:58:40 +0900] "GET / HTTP/1.1" 200 11414
0:0:0:0:0:0:0:1 - - [15/Sep/2020:11:58:41 +0900] "GET /JSPWorkshop11/EmpListServlet HTTP/1.1" 200 2075
127.0.0.1 - - [15/Sep/2020:12:55:46 +0900] "GET / HTTP/1.1" 200 11414
0:0:0:0:0:0:0:1 - - [15/Sep/2020:12:55:47 +0900] "GET /JSPWorkshop12/EmpListServlet HTTP/1.1" 200 55
127.0.0.1 - - [15/Sep/2020:12:56:16 +0900] "GET / HTTP/1.1" 200 11414
0:0:0:0:0:0:0:1 - - [15/Sep/2020:12:56:16 +0900] "GET /JSPWorkshop12/EmpListServlet HTTP/1.1" 200 55
127.0.0.1 - - [15/Sep/2020:12:57:11 +0900] "GET / HTTP/1.1" 200 11414
0:0:0:0:0:0:0:1 - - [15/Sep/2020:12:57:12 +0900] "GET /JSPWorkshop12/EmpListServlet HTTP/1.1" 200 2075
127.0.0.1 - - [15/Sep/2020:13:59:07 +0900] "GET / HTTP/1.1" 200 11414
0:0:0:0:0:0:0:1 - - [15/Sep/2020:13:59:08 +0900] "GET /JSPWorkshop13/EmpListServlet HTTP/1.1" 500 5948
127.0.0.1 - - [15/Sep/2020:14:03:22 +0900] "GET / HTTP/1.1" 200 11414
0:0:0:0:0:0:0:1 - - [15/Sep/2020:14:03:23 +0900] "GET /JSPWorkshop13/EmpListServlet HTTP/1.1" 500 5948
0:0:0:0:0:0:0:1 - - [15/Sep/2020:14:05:19 +0900] "GET /JSPWorkshop13/EmpListServlet HTTP/1.1" 500 1540
127.0.0.1 - - [15/Sep/2020:14:05:36 +0900] "GET / HTTP/1.1" 200 11414
0:0:0:0:0:0:0:1 - - [15/Sep/2020:14:05:38 +0900] "GET /JSPWorkshop13/EmpListServlet HTTP/1.1" 200 2291
127.0.0.1 - - [15/Sep/2020:14:06:02 +0900] "GET / HTTP/1.1" 200 11414
0:0:0:0:0:0:0:1 - - [15/Sep/2020:14:06:03 +0900] "GET /JSPWorkshop13/EmpListServlet HTTP/1.1" 200 2291
127.0.0.1 - - [15/Sep/2020:14:07:17 +0900] "GET / HTTP/1.1" 200 11414
0:0:0:0:0:0:0:1 - - [15/Sep/2020:14:07:18 +0900] "GET /JSPWorkshop13/EmpListServlet HTTP/1.1" 200 2291
127.0.0.1 - - [15/Sep/2020:15:37:20 +0900] "GET / HTTP/1.1" 200 11414
0:0:0:0:0:0:0:1 - - [15/Sep/2020:15:37:21 +0900] "GET /JSPWorkshop14/TB_StuServlet HTTP/1.1" 200 19
127.0.0.1 - - [15/Sep/2020:15:38:07 +0900] "GET / HTTP/1.1" 200 11414
0:0:0:0:0:0:0:1 - - [15/Sep/2020:15:38:08 +0900] "GET /JSPWorkshop14/TB_StuServlet HTTP/1.1" 200 41
0:0:0:0:0:0:0:1 - - [15/Sep/2020:15:39:04 +0900] "GET /JSPWorkshop14/TB_StuServlet HTTP/1.1" 200 41
127.0.0.1 - - [15/Sep/2020:15:39:19 +0900] "GET / HTTP/1.1" 200 11414
0:0:0:0:0:0:0:1 - - [15/Sep/2020:15:39:20 +0900] "GET /JSPWorkshop14/TB_StuServlet HTTP/1.1" 200 53
127.0.0.1 - - [15/Sep/2020:15:41:03 +0900] "GET / HTTP/1.1" 200 11414
0:0:0:0:0:0:0:1 - - [15/Sep/2020:15:41:04 +0900] "GET /JSPWorkshop14/TB_StuServlet HTTP/1.1" 200 53
127.0.0.1 - - [15/Sep/2020:15:41:48 +0900] "GET / HTTP/1.1" 200 11414
0:0:0:0:0:0:0:1 - - [15/Sep/2020:15:41:49 +0900] "GET /JSPWorkshop14/TB_StuServlet HTTP/1.1" 200 53
127.0.0.1 - - [15/Sep/2020:15:42:15 +0900] "GET / HTTP/1.1" 200 11414
0:0:0:0:0:0:0:1 - - [15/Sep/2020:15:42:16 +0900] "GET /JSPWorkshop14/TB_StuServlet HTTP/1.1" 200 53
127.0.0.1 - - [15/Sep/2020:15:42:29 +0900] "GET / HTTP/1.1" 200 11414
0:0:0:0:0:0:0:1 - - [15/Sep/2020:15:42:30 +0900] "GET /JSPWorkshop14/TB_StuServlet HTTP/1.1" 200 53
127.0.0.1 - - [15/Sep/2020:15:43:05 +0900] "GET / HTTP/1.1" 200 11414
0:0:0:0:0:0:0:1 - - [15/Sep/2020:15:43:06 +0900] "GET /JSPWorkshop14/TB_StuServlet HTTP/1.1" 200 53
127.0.0.1 - - [15/Sep/2020:15:43:49 +0900] "GET / HTTP/1.1" 200 11414
0:0:0:0:0:0:0:1 - - [15/Sep/2020:15:43:51 +0900] "GET /JSPWorkshop14/TB_StuServlet HTTP/1.1" 200 53
127.0.0.1 - - [15/Sep/2020:15:44:58 +0900] "GET / HTTP/1.1" 200 11414
0:0:0:0:0:0:0:1 - - [15/Sep/2020:15:44:59 +0900] "GET /JSPWorkshop14/TB_StuServlet HTTP/1.1" 200 53
127.0.0.1 - - [15/Sep/2020:15:46:17 +0900] "GET / HTTP/1.1" 200 11414
0:0:0:0:0:0:0:1 - - [15/Sep/2020:15:46:18 +0900] "GET /JSPWorkshop14/TB_StuServlet HTTP/1.1" 200 53
127.0.0.1 - - [15/Sep/2020:15:48:55 +0900] "GET / HTTP/1.1" 200 11414
0:0:0:0:0:0:0:1 - - [15/Sep/2020:15:48:56 +0900] "GET /JSPWorkshop14/TB_StuServlet HTTP/1.1" 200 53
127.0.0.1 - - [15/Sep/2020:15:49:32 +0900] "GET / HTTP/1.1" 200 11414
0:0:0:0:0:0:0:1 - - [15/Sep/2020:15:49:34 +0900] "GET /JSPWorkshop14/TB_StuServlet HTTP/1.1" 200 53
127.0.0.1 - - [15/Sep/2020:15:53:51 +0900] "GET / HTTP/1.1" 200 11414
0:0:0:0:0:0:0:1 - - [15/Sep/2020:15:53:52 +0900] "GET /JSPWorkshop14/TB_StuServlet HTTP/1.1" 200 53
127.0.0.1 - - [15/Sep/2020:15:54:40 +0900] "GET / HTTP/1.1" 200 11414
0:0:0:0:0:0:0:1 - - [15/Sep/2020:15:54:41 +0900] "GET /JSPWorkshop14/TB_StuServlet HTTP/1.1" 200 53
127.0.0.1 - - [15/Sep/2020:15:55:32 +0900] "GET / HTTP/1.1" 200 11414
0:0:0:0:0:0:0:1 - - [15/Sep/2020:15:55:33 +0900] "GET /JSPWorkshop14/TB_StuServlet HTTP/1.1" 200 53
0:0:0:0:0:0:0:1 - - [15/Sep/2020:15:56:14 +0900] "GET /JSPWorkshop14/WEB-INF/classes/com/service/TB_StuService.java HTTP/1.1" 404 721
0:0:0:0:0:0:0:1 - - [15/Sep/2020:15:56:19 +0900] "GET /JSPWorkshop14/WEB-INF/classes/com/service/TB_StuService.java HTTP/1.1" 404 721
127.0.0.1 - - [15/Sep/2020:16:02:35 +0900] "GET / HTTP/1.1" 200 11414
0:0:0:0:0:0:0:1 - - [15/Sep/2020:16:02:36 +0900] "GET /JSPWorkshop14/TB_StuServlet HTTP/1.1" 200 41
0:0:0:0:0:0:0:1 - - [15/Sep/2020:16:02:49 +0900] "GET /JSPWorkshop14/TB_StuServlet HTTP/1.1" 200 41
127.0.0.1 - - [15/Sep/2020:16:03:09 +0900] "GET / HTTP/1.1" 200 11414
0:0:0:0:0:0:0:1 - - [15/Sep/2020:16:03:10 +0900] "GET /JSPWorkshop14/TB_StuServlet HTTP/1.1" 200 102427
127.0.0.1 - - [15/Sep/2020:16:03:57 +0900] "GET / HTTP/1.1" 200 11414
0:0:0:0:0:0:0:1 - - [15/Sep/2020:16:03:58 +0900] "GET /JSPWorkshop14/TB_StuServlet HTTP/1.1" 200 102427
127.0.0.1 - - [15/Sep/2020:16:05:03 +0900] "GET / HTTP/1.1" 200 11414
0:0:0:0:0:0:0:1 - - [15/Sep/2020:16:05:04 +0900] "GET /JSPWorkshop14/TB_StuServlet HTTP/1.1" 200 104780
127.0.0.1 - - [15/Sep/2020:16:06:05 +0900] "GET / HTTP/1.1" 200 11414
0:0:0:0:0:0:0:1 - - [15/Sep/2020:16:06:06 +0900] "GET /JSPWorkshop14/TB_StuServlet HTTP/1.1" 200 104780
0:0:0:0:0:0:0:1 - - [15/Sep/2020:16:09:09 +0900] "GET /JSPWorkshop14/TB_StuServlet HTTP/1.1" 200 104780
127.0.0.1 - - [15/Sep/2020:16:09:33 +0900] "GET / HTTP/1.1" 200 11414
0:0:0:0:0:0:0:1 - - [15/Sep/2020:16:09:34 +0900] "GET /JSPWorkshop14/TB_StuServlet HTTP/1.1" 200 41
0:0:0:0:0:0:0:1 - - [15/Sep/2020:16:09:52 +0900] "GET /JSPWorkshop14/TB_StuServlet HTTP/1.1" 200 41
0:0:0:0:0:0:0:1 - - [15/Sep/2020:16:10:01 +0900] "GET /JSPWorkshop14/TB_StuServlet HTTP/1.1" 200 41
127.0.0.1 - - [15/Sep/2020:16:10:18 +0900] "GET / HTTP/1.1" 200 11414
0:0:0:0:0:0:0:1 - - [15/Sep/2020:16:10:25 +0900] "GET /JSPWorkshop14/TB_StuServlet HTTP/1.1" 200 41
127.0.0.1 - - [15/Sep/2020:16:10:44 +0900] "GET / HTTP/1.1" 200 11414
0:0:0:0:0:0:0:1 - - [15/Sep/2020:16:10:45 +0900] "GET /JSPWorkshop14/TB_StuServlet HTTP/1.1" 200 95952
127.0.0.1 - - [15/Sep/2020:16:12:15 +0900] "GET / HTTP/1.1" 200 11414
0:0:0:0:0:0:0:1 - - [15/Sep/2020:16:12:16 +0900] "GET /JSPWorkshop14/TB_StuServlet HTTP/1.1" 200 95952
0:0:0:0:0:0:0:1 - - [15/Sep/2020:16:12:49 +0900] "GET /JSPWorkshop14/TB_StuServlet HTTP/1.1" 200 95952
127.0.0.1 - - [15/Sep/2020:16:12:59 +0900] "GET / HTTP/1.1" 200 11414
0:0:0:0:0:0:0:1 - - [15/Sep/2020:16:13:00 +0900] "GET /JSPWorkshop14/TB_StuServlet HTTP/1.1" 200 95952
127.0.0.1 - - [15/Sep/2020:16:13:33 +0900] "GET / HTTP/1.1" 200 11414
0:0:0:0:0:0:0:1 - - [15/Sep/2020:16:13:34 +0900] "GET /JSPWorkshop14/TB_StuServlet HTTP/1.1" 200 41
127.0.0.1 - - [15/Sep/2020:16:14:04 +0900] "GET / HTTP/1.1" 200 11414
0:0:0:0:0:0:0:1 - - [15/Sep/2020:16:14:05 +0900] "GET /JSPWorkshop14/TB_StuServlet HTTP/1.1" 200 95952
127.0.0.1 - - [15/Sep/2020:16:14:39 +0900] "GET / HTTP/1.1" 200 11414
0:0:0:0:0:0:0:1 - - [15/Sep/2020:16:14:40 +0900] "GET /JSPWorkshop14/TB_StuServlet HTTP/1.1" 200 104780
127.0.0.1 - - [15/Sep/2020:16:16:40 +0900] "GET / HTTP/1.1" 200 11414
127.0.0.1 - - [15/Sep/2020:16:18:04 +0900] "GET / HTTP/1.1" 200 11414
0:0:0:0:0:0:0:1 - - [15/Sep/2020:16:18:05 +0900] "GET /JSPWorkshop14/TB_StuServlet HTTP/1.1" 200 99487
127.0.0.1 - - [15/Sep/2020:16:18:47 +0900] "GET / HTTP/1.1" 200 11414
0:0:0:0:0:0:0:1 - - [15/Sep/2020:16:18:48 +0900] "GET /JSPWorkshop14/TB_StuServlet HTTP/1.1" 200 99487
127.0.0.1 - - [15/Sep/2020:16:34:30 +0900] "GET / HTTP/1.1" 200 11414
0:0:0:0:0:0:0:1 - - [15/Sep/2020:16:34:32 +0900] "GET /JSPWorkshop13/EmpListServlet HTTP/1.1" 200 2291
127.0.0.1 - - [15/Sep/2020:16:50:27 +0900] "GET / HTTP/1.1" 200 11414
0:0:0:0:0:0:0:1 - - [15/Sep/2020:16:50:28 +0900] "GET /JSPWorkshop13/EmpListServlet HTTP/1.1" 200 2335
0:0:0:0:0:0:0:1 - - [15/Sep/2020:16:50:30 +0900] "GET /JSPWorkshop13/member.html HTTP/1.1" 200 1394
0:0:0:0:0:0:0:1 - - [15/Sep/2020:16:50:32 +0900] "GET /JSPWorkshop13/EmpListServlet HTTP/1.1" 200 2335
0:0:0:0:0:0:0:1 - - [15/Sep/2020:16:50:35 +0900] "GET /JSPWorkshop13/EmpListServlet HTTP/1.1" 200 2335
127.0.0.1 - - [15/Sep/2020:16:51:02 +0900] "GET / HTTP/1.1" 200 11414
127.0.0.1 - - [15/Sep/2020:16:58:17 +0900] "GET / HTTP/1.1" 200 11414
127.0.0.1 - - [15/Sep/2020:17:12:48 +0900] "GET / HTTP/1.1" 200 11414
0:0:0:0:0:0:0:1 - - [15/Sep/2020:17:12:49 +0900] "GET /JSPWorkshop13/EmpListServlet HTTP/1.1" 200 2167
0:0:0:0:0:0:0:1 - - [15/Sep/2020:17:12:54 +0900] "GET /JSPWorkshop13/member.html HTTP/1.1" 200 1394
127.0.0.1 - - [15/Sep/2020:17:25:57 +0900] "GET / HTTP/1.1" 200 11414
0:0:0:0:0:0:0:1 - - [15/Sep/2020:17:25:57 +0900] "GET /JSPWorkshop13/EmpAddServlet HTTP/1.1" 200 -
0:0:0:0:0:0:0:1 - - [15/Sep/2020:17:26:05 +0900] "GET /JSPWorkshop13/member.html HTTP/1.1" 304 -
0:0:0:0:0:0:0:1 - - [15/Sep/2020:17:26:18 +0900] "POST /JSPWorkshop13/EmpAddServlet HTTP/1.1" 200 -
127.0.0.1 - - [15/Sep/2020:17:26:58 +0900] "GET / HTTP/1.1" 200 11414
0:0:0:0:0:0:0:1 - - [15/Sep/2020:17:26:58 +0900] "GET /JSPWorkshop13/EmpAddServlet HTTP/1.1" 200 -
0:0:0:0:0:0:0:1 - - [15/Sep/2020:17:27:17 +0900] "POST /JSPWorkshop13/EmpAddServlet HTTP/1.1" 200 -
127.0.0.1 - - [15/Sep/2020:17:27:40 +0900] "GET / HTTP/1.1" 200 11414
0:0:0:0:0:0:0:1 - - [15/Sep/2020:17:27:49 +0900] "POST /JSPWorkshop13/EmpAddServlet HTTP/1.1" 200 -
0:0:0:0:0:0:0:1 - - [15/Sep/2020:17:29:08 +0900] "GET /JSPWorkshop13/EmpAddServlet HTTP/1.1" 200 -
127.0.0.1 - - [15/Sep/2020:17:29:58 +0900] "GET / HTTP/1.1" 200 11414
0:0:0:0:0:0:0:1 - - [15/Sep/2020:17:29:59 +0900] "GET /JSPWorkshop13/EmpAddServlet HTTP/1.1" 200 -
0:0:0:0:0:0:0:1 - - [15/Sep/2020:17:30:14 +0900] "GET /JSPWorkshop13/member.html HTTP/1.1" 304 -
0:0:0:0:0:0:0:1 - - [15/Sep/2020:17:30:22 +0900] "POST /JSPWorkshop13/EmpAddServlet HTTP/1.1" 200 -
127.0.0.1 - - [15/Sep/2020:17:33:27 +0900] "GET / HTTP/1.1" 200 11414
0:0:0:0:0:0:0:1 - - [15/Sep/2020:17:33:27 +0900] "GET /JSPWorkshop13/EmpAddServlet HTTP/1.1" 200 -
0:0:0:0:0:0:0:1 - - [15/Sep/2020:17:33:38 +0900] "POST /JSPWorkshop13/EmpAddServlet HTTP/1.1" 200 -
127.0.0.1 - - [15/Sep/2020:17:34:25 +0900] "GET / HTTP/1.1" 200 11414
0:0:0:0:0:0:0:1 - - [15/Sep/2020:17:34:33 +0900] "GET /JSPWorkshop13/member.html HTTP/1.1" 304 -
0:0:0:0:0:0:0:1 - - [15/Sep/2020:17:34:37 +0900] "POST /JSPWorkshop13/EmpAddServlet HTTP/1.1" 200 -
0:0:0:0:0:0:0:1 - - [15/Sep/2020:17:35:31 +0900] "POST /JSPWorkshop13/EmpAddServlet HTTP/1.1" 200 -
0:0:0:0:0:0:0:1 - - [15/Sep/2020:17:36:10 +0900] "GET /JSPWorkshop13/EmpAddServlet HTTP/1.1" 200 -
127.0.0.1 - - [15/Sep/2020:17:36:19 +0900] "GET / HTTP/1.1" 200 11414
0:0:0:0:0:0:0:1 - - [15/Sep/2020:17:36:24 +0900] "POST /JSPWorkshop13/EmpAddServlet HTTP/1.1" 200 -
127.0.0.1 - - [15/Sep/2020:17:39:27 +0900] "GET / HTTP/1.1" 200 11414
0:0:0:0:0:0:0:1 - - [15/Sep/2020:17:39:27 +0900] "GET /JSPWorkshop13/EmpAddServlet HTTP/1.1" 200 -
127.0.0.1 - - [15/Sep/2020:17:39:43 +0900] "GET / HTTP/1.1" 200 11414
0:0:0:0:0:0:0:1 - - [15/Sep/2020:17:39:44 +0900] "GET /JSPWorkshop13/member.html HTTP/1.1" 200 1386
0:0:0:0:0:0:0:1 - - [15/Sep/2020:17:39:48 +0900] "POST /JSPWorkshop13/EmpAddServlet HTTP/1.1" 200 116
127.0.0.1 - - [15/Sep/2020:17:40:59 +0900] "GET / HTTP/1.1" 200 11414
0:0:0:0:0:0:0:1 - - [15/Sep/2020:17:40:59 +0900] "GET /JSPWorkshop13/member.html HTTP/1.1" 304 -
0:0:0:0:0:0:0:1 - - [15/Sep/2020:17:41:05 +0900] "POST /JSPWorkshop13/EmpAddServlet HTTP/1.1" 200 116
0:0:0:0:0:0:0:1 - - [15/Sep/2020:17:42:07 +0900] "GET /JSPWorkshop13/EmpAddServlet HTTP/1.1" 500 1499
127.0.0.1 - - [15/Sep/2020:17:42:18 +0900] "GET / HTTP/1.1" 200 11414
0:0:0:0:0:0:0:1 - - [15/Sep/2020:17:42:18 +0900] "GET /JSPWorkshop13/member.html HTTP/1.1" 304 -
0:0:0:0:0:0:0:1 - - [15/Sep/2020:17:42:32 +0900] "POST /JSPWorkshop13/EmpAddServlet HTTP/1.1" 200 138
127.0.0.1 - - [15/Sep/2020:17:43:38 +0900] "GET / HTTP/1.1" 200 11414
0:0:0:0:0:0:0:1 - - [15/Sep/2020:17:43:38 +0900] "GET /JSPWorkshop13/member.html HTTP/1.1" 304 -
0:0:0:0:0:0:0:1 - - [15/Sep/2020:17:43:43 +0900] "POST /JSPWorkshop13/EmpAddServlet HTTP/1.1" 200 138
0:0:0:0:0:0:0:1 - - [15/Sep/2020:17:45:06 +0900] "GET /JSPWorkshop13/EmpAddServlet HTTP/1.1" 200 -
127.0.0.1 - - [15/Sep/2020:17:45:27 +0900] "GET / HTTP/1.1" 200 11414
0:0:0:0:0:0:0:1 - - [15/Sep/2020:17:45:28 +0900] "GET /JSPWorkshop13/member.html HTTP/1.1" 304 -
0:0:0:0:0:0:0:1 - - [15/Sep/2020:17:45:35 +0900] "POST /JSPWorkshop13/EmpAddServlet HTTP/1.1" 200 138
127.0.0.1 - - [15/Sep/2020:17:46:03 +0900] "GET / HTTP/1.1" 200 11414
0:0:0:0:0:0:0:1 - - [15/Sep/2020:17:46:09 +0900] "POST /JSPWorkshop13/EmpAddServlet HTTP/1.1" 200 138
127.0.0.1 - - [15/Sep/2020:17:48:20 +0900] "GET / HTTP/1.1" 200 11414
0:0:0:0:0:0:0:1 - - [15/Sep/2020:17:48:20 +0900] "GET /JSPWorkshop13/member.html HTTP/1.1" 304 -
0:0:0:0:0:0:0:1 - - [15/Sep/2020:17:48:25 +0900] "POST /JSPWorkshop13/EmpAddServlet HTTP/1.1" 200 138
0:0:0:0:0:0:0:1 - - [15/Sep/2020:17:49:12 +0900] "POST /JSPWorkshop13/EmpAddServlet HTTP/1.1" 200 138
127.0.0.1 - - [15/Sep/2020:17:49:53 +0900] "GET / HTTP/1.1" 200 11414
0:0:0:0:0:0:0:1 - - [15/Sep/2020:17:49:53 +0900] "GET /JSPWorkshop13/member.html HTTP/1.1" 304 -
0:0:0:0:0:0:0:1 - - [15/Sep/2020:17:50:00 +0900] "POST /JSPWorkshop13/EmpAddServlet HTTP/1.1" 200 138
127.0.0.1 - - [15/Sep/2020:17:51:32 +0900] "GET / HTTP/1.1" 200 11414
0:0:0:0:0:0:0:1 - - [15/Sep/2020:17:51:33 +0900] "GET /JSPWorkshop13/EmpAddServlet HTTP/1.1" 200 -
0:0:0:0:0:0:0:1 - - [15/Sep/2020:17:51:51 +0900] "GET /JSPWorkshop13/member.html HTTP/1.1" 304 -
0:0:0:0:0:0:0:1 - - [15/Sep/2020:17:51:58 +0900] "POST /JSPWorkshop13/EmpAddServlet HTTP/1.1" 200 95
0:0:0:0:0:0:0:1 - - [15/Sep/2020:17:52:02 +0900] "GET /JSPWorkshop13/EmpListServlet HTTP/1.1" 200 2327
0:0:0:0:0:0:0:1 - - [15/Sep/2020:17:52:55 +0900] "POST /JSPWorkshop13/EmpAddServlet HTTP/1.1" 200 95
0:0:0:0:0:0:0:1 - - [15/Sep/2020:17:52:58 +0900] "GET /JSPWorkshop13/EmpListServlet HTTP/1.1" 200 2406
0:0:0:0:0:0:0:1 - - [15/Sep/2020:17:53:38 +0900] "GET /JSPWorkshop13/member.html HTTP/1.1" 304 -
0:0:0:0:0:0:0:1 - - [15/Sep/2020:17:53:46 +0900] "POST /JSPWorkshop13/EmpAddServlet HTTP/1.1" 200 -
0:0:0:0:0:0:0:1 - - [15/Sep/2020:17:54:36 +0900] "POST /JSPWorkshop13/EmpAddServlet HTTP/1.1" 200 -
127.0.0.1 - - [15/Sep/2020:17:55:29 +0900] "GET / HTTP/1.1" 200 11414
0:0:0:0:0:0:0:1 - - [15/Sep/2020:17:55:30 +0900] "GET /JSPWorkshop13/member.html HTTP/1.1" 200 1386
0:0:0:0:0:0:0:1 - - [15/Sep/2020:17:55:32 +0900] "POST /JSPWorkshop13/EmpAddServlet HTTP/1.1" 200 -
127.0.0.1 - - [15/Sep/2020:17:57:06 +0900] "GET / HTTP/1.1" 200 11414
0:0:0:0:0:0:0:1 - - [15/Sep/2020:17:57:06 +0900] "GET /JSPWorkshop13/member.html HTTP/1.1" 304 -
0:0:0:0:0:0:0:1 - - [15/Sep/2020:17:57:17 +0900] "POST /JSPWorkshop13/EmpAddServlet HTTP/1.1" 200 86
0:0:0:0:0:0:0:1 - - [15/Sep/2020:17:57:20 +0900] "GET /JSPWorkshop13/EmpListServlet HTTP/1.1" 200 2486
127.0.0.1 - - [15/Sep/2020:17:58:11 +0900] "GET / HTTP/1.1" 200 11414
0:0:0:0:0:0:0:1 - - [15/Sep/2020:17:58:12 +0900] "GET /JSPWorkshop13/member.html HTTP/1.1" 304 -
0:0:0:0:0:0:0:1 - - [15/Sep/2020:17:58:19 +0900] "POST /JSPWorkshop13/EmpAddServlet HTTP/1.1" 200 -
127.0.0.1 - - [15/Sep/2020:17:58:50 +0900] "GET / HTTP/1.1" 200 11414
0:0:0:0:0:0:0:1 - - [15/Sep/2020:17:58:50 +0900] "GET /JSPWorkshop13/EmpAddServlet HTTP/1.1" 200 -
0:0:0:0:0:0:0:1 - - [15/Sep/2020:17:58:57 +0900] "GET /JSPWorkshop13/member.html HTTP/1.1" 304 -
0:0:0:0:0:0:0:1 - - [15/Sep/2020:17:59:05 +0900] "POST /JSPWorkshop13/EmpAddServlet HTTP/1.1" 200 -
127.0.0.1 - - [15/Sep/2020:18:00:15 +0900] "GET / HTTP/1.1" 200 11414
0:0:0:0:0:0:0:1 - - [15/Sep/2020:18:00:16 +0900] "GET /JSPWorkshop13/member.html HTTP/1.1" 304 -
0:0:0:0:0:0:0:1 - - [15/Sep/2020:18:00:17 +0900] "POST /JSPWorkshop13/EmpAddServlet HTTP/1.1" 200 -
0:0:0:0:0:0:0:1 - - [15/Sep/2020:18:00:27 +0900] "POST /JSPWorkshop13/EmpAddServlet HTTP/1.1" 200 -
127.0.0.1 - - [15/Sep/2020:18:02:35 +0900] "GET / HTTP/1.1" 200 11414
0:0:0:0:0:0:0:1 - - [15/Sep/2020:18:02:35 +0900] "GET /JSPWorkshop13/member.html HTTP/1.1" 304 -
0:0:0:0:0:0:0:1 - - [15/Sep/2020:18:02:36 +0900] "POST /JSPWorkshop13/EmpAddServlet HTTP/1.1" 200 -
0:0:0:0:0:0:0:1 - - [15/Sep/2020:18:02:45 +0900] "POST /JSPWorkshop13/EmpAddServlet HTTP/1.1" 200 99
0:0:0:0:0:0:0:1 - - [15/Sep/2020:18:02:46 +0900] "POST /JSPWorkshop13/EmpAddServlet HTTP/1.1" 200 99
0:0:0:0:0:0:0:1 - - [15/Sep/2020:18:02:52 +0900] "GET /JSPWorkshop13/EmpListServlet HTTP/1.1" 200 2486
